--- idf_monitor on /dev/ttyUSB0 74880 ---
--- Quit: Ctrl+] | Menu: Ctrl+T | Help: Ctrl+T followed by Ctrl+H ---
 ets Jan  8 2013,rst cause:2, boot mode:(3,7)

load 0x40100000, len 7136, room 16 
tail 0
chksum 0x1e
load 0x3ffe8408, len 24, room 8 
tail 0
chksum 0xa7
load 0x3ffe8420, len 3336, room 8 
tail 0
chksum 0xb7
I (43) boot: ESP-IDF v3.4-dev-357-g3aeaa893-dirty 2nd stage bootloader
I (43) boot: compile time 00:32:06
I (45) boot: SPI Speed      : 40MHz
I (51) boot: SPI Mode       : DOUT
I (57) boot: SPI Flash Size : 1MB
I (63) boot: Partition Table:
I (69) boot: ## Label            Usage          Type ST Offset   Length
I (80) boot:  0 nvs              WiFi data        01 02 00009000 00006000
I (92) boot:  1 phy_init         RF data          01 01 0000f000 00001000
I (103) boot:  2 factory          factory app      00 00 00010000 000f0000
I (115) boot: End of partition table
I (121) esp_image: segment 0: paddr=0x00010010 vaddr=0x40210010 size=0x13cc0 ( 81088) map
0x40210010: _stext at ??:?

I (170) esp_image: segment 1: paddr=0x00023cd8 vaddr=0x40223cd0 size=0x055cc ( 21964) map
I (180) esp_image: segment 2: paddr=0x000292ac vaddr=0x3ffe8000 size=0x003dc (   988) load
I (181) esp_image: segment 3: paddr=0x00029690 vaddr=0x40100000 size=0x00080 (   128) load
I (195) esp_image: segment 4: paddr=0x00029718 vaddr=0x40100080 size=0x044bc ( 17596) load
I (216) boot: Loaded app from partition at offset 0x10000
I (247) main: AdcOut = 0
I (249) main: Input Voltage = 0.000 V

I (751) main: AdcOut = 0
I (753) main: Input Voltage = 0.000 V

I (1251) main: AdcOut = 0
I (1253) main: Input Voltage = 0.000 V

I (1751) main: AdcOut = 0
I (1753) main: Input Voltage = 0.000 V

I (2251) main: AdcOut = 0
I (2253) main: Input Voltage = 0.000 V

I (2751) main: AdcOut = 0
I (2753) main: Input Voltage = 0.000 V

I (3251) main: AdcOut = 0
I (3253) main: Input Voltage = 0.000 V
