--- idf_monitor on /dev/ttyUSB0 74880 ---
--- Quit: Ctrl+] | Menu: Ctrl+T | Help: Ctrl+T followed by Ctrl+H ---
 ets Jan  8 2013,rst cause:2, boot mode:(3,7)

load 0x40100000, len 7136, room 16 
tail 0
chksum 0x1e
load 0x3ffe8408, len 24, room 8 
tail 0
chksum 0xa7
load 0x3ffe8420, len 3336, room 8 
tail 0
chksum 0xb0
I (43) boot: ESP-IDF v3.4-dev-357-g3aeaa893-dirty 2nd stage bootloader
I (43) boot: compile time 02:36:07
I (45) boot: SPI Speed      : 40MHz
I (51) boot: SPI Mode       : DOUT
I (57) boot: SPI Flash Size : 1MB
I (63) boot: Partition Table:
I (69) boot: ## Label            Usage          Type ST Offset   Length
I (80) boot:  0 nvs              WiFi data        01 02 00009000 00006000
I (92) boot:  1 phy_init         RF data          01 01 0000f000 00001000
I (103) boot:  2 factory          factory app      00 00 00010000 000f0000
I (115) boot: End of partition table
I (121) esp_image: segment 0: paddr=0x00010010 vaddr=0x40210010 size=0x14768 ( 83816) map
0x40210010: _stext at ??:?

I (171) esp_image: segment 1: paddr=0x00024780 vaddr=0x40224778 size=0x057a8 ( 22440) map
I (182) esp_image: segment 2: paddr=0x00029f30 vaddr=0x3ffe8000 size=0x003dc (   988) load
I (183) esp_image: segment 3: paddr=0x0002a314 vaddr=0x40100000 size=0x00080 (   128) load
I (196) esp_image: segment 4: paddr=0x0002a39c vaddr=0x40100080 size=0x044bc ( 17596) load
I (217) boot: Loaded app from partition at offset 0x10000
I (250) main: Enrique Ramkissoon 816013485

I (253) gpio: GPIO[2]| InputEn: 0| OutputEn: 1| OpenDrain: 0| Pullup: 0| Pulldown: 0| Intr:0 
I (257) gpio_on_task: DEBUG: Setting GPIO high

I (765) gpio_off_task: DEBUG: Setting GPIO low

I (1262) main: STATUS: The GPIO pin is currently: 0

I (1264) main: Going to sleep for 1500ms
I (2766) main: STATUS: The GPIO pin is currently: 0

I (2768) gpio_off_task: DEBUG: Setting GPIO low

I (3271) gpio_on_task: DEBUG: Setting GPIO high

I (3766) main: STATUS: The GPIO pin is currently: 1

I (3776) main: Going to sleep for 1500ms
I (5278) main: STATUS: The GPIO pin is currently: 1

I (5280) gpio_off_task: DEBUG: Setting GPIO low

I (5783) gpio_on_task: DEBUG: Setting GPIO high

I (6278) main: STATUS: The GPIO pin is currently: 1

I (6288) main: Going to sleep for 1500ms
I (7790) main: STATUS: The GPIO pin is currently: 1

I (7792) gpio_off_task: DEBUG: Setting GPIO low

I (8295) gpio_on_task: DEBUG: Setting GPIO high

I (8791) main: STATUS: The GPIO pin is currently: 1

I (8801) main: Going to sleep for 1500ms
I (10303) main: STATUS: The GPIO pin is currently: 1

I (10305) gpio_off_task: DEBUG: Setting GPIO low

I (10808) gpio_on_task: DEBUG: Setting GPIO high

I (11303) main: STATUS: The GPIO pin is currently: 1

I (11313) main: Going to sleep for 1500ms
I (12815) main: STATUS: The GPIO pin is currently: 1

I (12817) gpio_off_task: DEBUG: Setting GPIO low

I (13320) gpio_on_task: DEBUG: Setting GPIO high

I (13815) main: STATUS: The GPIO pin is currently: 1

I (13825) main: Going to sleep for 1500ms
I (15327) main: STATUS: The GPIO pin is currently: 1

I (15329) gpio_off_task: DEBUG: Setting GPIO low

I (15832) gpio_on_task: DEBUG: Setting GPIO high

I (16327) main: STATUS: The GPIO pin is currently: 1

I (16337) main: Going to sleep for 1500ms
I (17839) main: STATUS: The GPIO pin is currently: 1

I (17841) gpio_off_task: DEBUG: Setting GPIO low

I (18339) gpio_on_task: DEBUG: Setting GPIO high

I (18839) main: STATUS: The GPIO pin is currently: 1

I (18849) main: Going to sleep for 1500ms
I (20351) main: STATUS: The GPIO pin is currently: 1

I (20353) gpio_off_task: DEBUG: Setting GPIO low

I (20856) gpio_on_task: DEBUG: Setting GPIO high

