--- idf_monitor on /dev/ttyUSB0 74880 ---
--- Quit: Ctrl+] | Menu: Ctrl+T | Help: Ctrl+T followed by Ctrl+H ---
 ets Jan  8 2013,rst cause:2, boot mode:(3,7)

load 0x40100000, len 7136, room 16 
tail 0
chksum 0x1e
load 0x3ffe8408, len 24, room 8 
tail 0
chksum 0xa7
load 0x3ffe8420, len 3336, room 8 
tail 0
chksum 0xb0
I (43) boot: ESP-IDF v3.4-dev-357-g3aeaa893-dirty 2nd stage bootloader
I (43) boot: compile time 02:36:07
I (45) boot: SPI Speed      : 40MHz
I (51) boot: SPI Mode       : DOUT
I (57) boot: SPI Flash Size : 1MB
I (63) boot: Partition Table:
I (69) boot: ## Label            Usage          Type ST Offset   Length
I (80) boot:  0 nvs              WiFi data        01 02 00009000 00006000
I (92) boot:  1 phy_init         RF data          01 01 0000f000 00001000
I (103) boot:  2 factory          factory app      00 00 00010000 000f0000
I (115) boot: End of partition table
I (121) esp_image: segment 0: paddr=0x00010010 vaddr=0x40210010 size=0x14764 ( 83812) map
0x40210010: _stext at ??:?

I (171) esp_image: segment 1: paddr=0x0002477c vaddr=0x40224774 size=0x057a8 ( 22440) map
I (182) esp_image: segment 2: paddr=0x00029f2c vaddr=0x3ffe8000 size=0x003dc (   988) load
I (183) esp_image: segment 3: paddr=0x0002a310 vaddr=0x40100000 size=0x00080 (   128) load
I (196) esp_image: segment 4: paddr=0x0002a398 vaddr=0x40100080 size=0x044bc ( 17596) load
I (217) boot: Loaded app from partition at offset 0x10000
I (250) main: Enrique Ramkissoon 816013485

I (252) gpio: GPIO[2]| InputEn: 0| OutputEn: 1| OpenDrain: 0| Pullup: 0| Pulldown: 0| Intr:0 
I (256) gpio_on_task: DEBUG: Setting GPIO high

I (764) gpio_off_task: DEBUG: Setting GPIO low

I (1266) main: STATUS: The GPIO pin is currently: 0

I (1267) main: Going to sleep for 250ms
I (1528) main: Going to sleep for 250ms
I (1779) gpio_on_task: DEBUG: Setting GPIO high

I (2269) main: STATUS: The GPIO pin is currently: 1

I (2270) gpio_off_task: DEBUG: Setting GPIO low

I (2779) main: Going to sleep for 250ms
I (3040) main: Going to sleep for 250ms
I (3291) main: STATUS: The GPIO pin is currently: 0

I (3301) main: Going to sleep for 250ms
I (3562) main: Going to sleep for 250ms
I (3814) gpio_off_task: DEBUG: Setting GPIO low

I (4294) main: STATUS: The GPIO pin is currently: 0

I (4314) gpio_on_task: DEBUG: Setting GPIO high

I (4824) main: Going to sleep for 250ms
I (5085) main: Going to sleep for 250ms
I (5336) main: STATUS: The GPIO pin is currently: 1

I (5337) gpio_off_task: DEBUG: Setting GPIO low

I (5838) gpio_on_task: DEBUG: Setting GPIO high

I (6336) main: STATUS: The GPIO pin is currently: 1

I (6346) main: Going to sleep for 250ms
I (6607) main: Going to sleep for 250ms
I (6858) gpio_off_task: DEBUG: Setting GPIO low

I (7338) main: STATUS: The GPIO pin is currently: 0

I (7359) gpio_on_task: DEBUG: Setting GPIO high

I (7868) main: Going to sleep for 250ms
I (8130) main: Going to sleep for 250ms
I (8381) main: STATUS: The GPIO pin is currently: 1

I (8382) gpio_off_task: DEBUG: Setting GPIO low

I (8883) gpio_on_task: DEBUG: Setting GPIO high

I (9381) main: STATUS: The GPIO pin is currently: 1

I (9391) main: Going to sleep for 250ms
I (9652) main: Going to sleep for 250ms
I (9903) gpio_off_task: DEBUG: Setting GPIO low

I (10383) main: STATUS: The GPIO pin is currently: 0

I (10404) gpio_on_task: DEBUG: Setting GPIO high

