--- idf_monitor on /dev/ttyUSB0 74880 ---
--- Quit: Ctrl+] | Menu: Ctrl+T | Help: Ctrl+T followed by Ctrl+H ---

 ets Jan  8 2013,rst cause:2, boot mode:(3,7)

load 0x40100000, len 7136, room 16 
tail 0
chksum 0x1e
load 0x3ffe8408, len 24, room 8 
tail 0
chksum 0xa7
load 0x3ffe8420, len 3336, room 8 
tail 0
chksum 0xb3
I (43) boot: ESP-IDF v3.4-dev-357-g3aeaa893-dirty 2nd stage bootloader
I (43) boot: compile time 00:34:40
I (45) boot: SPI Speed      : 40MHz
I (51) boot: SPI Mode       : DOUT
I (57) boot: SPI Flash Size : 1MB
I (63) boot: Partition Table:
I (69) boot: ## Label            Usage          Type ST Offset   Length
I (80) boot:  0 nvs              WiFi data        01 02 00009000 00006000
I (92) boot:  1 phy_init         RF data          01 01 0000f000 00001000
I (103) boot:  2 factory          factory app      00 00 00010000 000f0000
I (115) boot: End of partition table
I (121) esp_image: segment 0: paddr=0x00010010 vaddr=0x40210010 size=0x146ac ( 83628) map
0x40210010: _stext at ??:?

I (171) esp_image: segment 1: paddr=0x000246c4 vaddr=0x402246bc size=0x0574c ( 22348) map
I (182) esp_image: segment 2: paddr=0x00029e18 vaddr=0x3ffe8000 size=0x003dc (   988) load
I (182) esp_image: segment 3: paddr=0x0002a1fc vaddr=0x40100000 size=0x00080 (   128) load
I (196) esp_image: segment 4: paddr=0x0002a284 vaddr=0x40100080 size=0x044bc ( 17596) load
I (217) boot: Loaded app from partition at offset 0x10000
I (247) main: Enrique Ramkissoon 816013485

I (250) gpio: GPIO[2]| InputEn: 0| OutputEn: 1| OpenDrain: 0| Pullup: 0| Pulldown: 0| Intr:0 
I (1252) main: The GPIO pin is currently: 0

I (2252) main: The GPIO pin is currently: 1

I (3252) main: The GPIO pin is currently: 1

I (4252) main: The GPIO pin is currently: 0

I (5252) main: The GPIO pin is currently: 0

I (6252) main: The GPIO pin is currently: 1

I (7252) main: The GPIO pin is currently: 0

I (8252) main: The GPIO pin is currently: 0

I (9252) main: The GPIO pin is currently: 1

I (10253) main: The GPIO pin is currently: 0

I (11253) main: The GPIO pin is currently: 0

I (12253) main: The GPIO pin is currently: 1

I (13253) main: The GPIO pin is currently: 0

I (14253) main: The GPIO pin is currently: 0

I (15253) main: The GPIO pin is currently: 1

I (16253) main: The GPIO pin is currently: 0

I (17253) main: The GPIO pin is currently: 0

I (18253) main: The GPIO pin is currently: 1

I (19253) main: The GPIO pin is currently: 0

I (20254) main: The GPIO pin is currently: 0

I (21254) main: The GPIO pin is currently: 1

I (22254) main: The GPIO pin is currently: 0

I (23254) main: The GPIO pin is currently: 0

I (24254) main: The GPIO pin is currently: 1

I (25254) main: The GPIO pin is currently: 0

I (26254) main: The GPIO pin is currently: 0

I (27254) main: The GPIO pin is currently: 1

I (28254) main: The GPIO pin is currently: 0

I (29254) main: The GPIO pin is currently: 0

I (30255) main: The GPIO pin is currently: 1

