--- idf_monitor on /dev/ttyUSB0 74880 ---
--- Quit: Ctrl+] | Menu: Ctrl+T | Help: Ctrl+T followed by Ctrl+H ---

 ets Jan  8 2013,rst cause:2, boot mode:(3,7)

load 0x40100000, len 7136, room 16 
tail 0
chksum 0x1e
load 0x3ffe8408, len 24, room 8 
tail 0
chksum 0xa7
load 0x3ffe8420, len 3336, room 8 
tail 0
chksum 0xb9
I (43) boot: ESP-IDF v3.4-dev-357-g3aeaa893-dirty 2nd stage bootloader
I (43) boot: compile time 01:19:55
I (45) boot: SPI Speed      : 40MHz
I (51) boot: SPI Mode       : DOUT
I (57) boot: SPI Flash Size : 1MB
I (63) boot: Partition Table:
I (69) boot: ## Label            Usage          Type ST Offset   Length
I (80) boot:  0 nvs              WiFi data        01 02 00009000 00006000
I (92) boot:  1 phy_init         RF data          01 01 0000f000 00001000
I (103) boot:  2 factory          factory app      00 00 00010000 000f0000
I (115) boot: End of partition table
I (121) esp_image: segment 0: paddr=0x00010010 vaddr=0x40210010 size=0x158a8 ( 88232) map
0x40210010: _stext at ??:?

I (173) esp_image: segment 1: paddr=0x000258c0 vaddr=0x402258b8 size=0x05abc ( 23228) map
I (184) esp_image: segment 2: paddr=0x0002b384 vaddr=0x3ffe8000 size=0x003dc (   988) load
I (185) esp_image: segment 3: paddr=0x0002b768 vaddr=0x40100000 size=0x00080 (   128) load
I (198) esp_image: segment 4: paddr=0x0002b7f0 vaddr=0x40100080 size=0x04508 ( 17672) load
I (219) boot: Loaded app from partition at offset 0x10000
I (355) gpio: GPIO[2]| InputEn: 0| OutputEn: 1| OpenDrain: 1| Pullup: 1| Pulldown: 0| Intr:0 
I (357) gpio: GPIO[0]| InputEn: 0| OutputEn: 1| OpenDrain: 1| Pullup: 1| Pulldown: 0| Intr:0 
AdcOut=0
Vin=0 + 0/32767 V

AdcOut=5824
Vin=0 + 23855/32767 V

AdcOut=5856
Vin=0 + 23986/32767 V

AdcOut=5824
Vin=0 + 23855/32767 V

AdcOut=5808
Vin=0 + 23789/32767 V

AdcOut=5296
Vin=0 + 21692/32767 V

AdcOut=5376
Vin=0 + 22020/32767 V

AdcOut=5376
Vin=0 + 22020/32767 V

AdcOut=5456
Vin=0 + 22347/32767 V

AdcOut=5408
Vin=0 + 22151/32767 V

AdcOut=5504
Vin=0 + 22544/32767 V

AdcOut=13056
Vin=1 + 20710/32767 V

AdcOut=13056
Vin=1 + 20710/32767 V

AdcOut=13072
Vin=1 + 20775/32767 V

AdcOut=13072
Vin=1 + 20775/32767 V

AdcOut=13072
Vin=1 + 20775/32767 V

AdcOut=13072
Vin=1 + 20775/32767 V

AdcOut=13072
Vin=1 + 20775/32767 V

AdcOut=13040
Vin=1 + 20644/32767 V

AdcOut=13056
Vin=1 + 20710/32767 V

AdcOut=13072
Vin=1 + 20775/32767 V

AdcOut=13056
Vin=1 + 20710/32767 V

AdcOut=13072
Vin=1 + 20775/32767 V

AdcOut=13072
Vin=1 + 20775/32767 V

AdcOut=13056
Vin=1 + 20710/32767 V

AdcOut=13072
Vin=1 + 20775/32767 V

AdcOut=13072
Vin=1 + 20775/32767 V

AdcOut=13072
Vin=1 + 20775/32767 V

AdcOut=13072
Vin=1 + 20775/32767 V

AdcOut=13072
Vin=1 + 20775/32767 V

AdcOut=13072
Vin=1 + 20775/32767 V

AdcOut=13056
Vin=1 + 20710/32767 V

AdcOut=13056
Vin=1 + 20710/32767 V

AdcOut=13088
Vin=1 + 20841/32767 V

